components/admin/LocationAssignmentModal.tsx(100,14): error TS2741: Property 'onConfirm' is missing in type '{ children: Element; isOpen: boolean; onClose: () => void; title: string; }' but required in type 'ModalProps'.
components/auth/PermissionGuard.tsx(249,23): error TS2339: Property 'openAppSettings' does not exist on type 'AppPlugin'.
components/patrol/PatrolQRGenerator.tsx(2,20): error TS2307: Cannot find module 'react-qr-code' or its corresponding type declarations.
components/patrol/PatrolScanner.tsx(2,23): error TS2307: Cannot find module 'react-qr-scanner' or its corresponding type declarations.
components/patrol/PatrolScanner.tsx(6,10): error TS2614: Module '"../CameraCaptureModal"' has no exported member 'CameraCaptureModal'. Did you mean to use 'import CameraCaptureModal from "../CameraCaptureModal"' instead?
components/PermissionsPrimer.tsx(24,18): error TS2367: This comparison appears to be unintentional because the types 'ColorScheme' and '"blue"' have no overlap.
components/tasks/TaskForm.tsx(122,20): error TS2367: This comparison appears to be unintentional because the types 'ColorScheme' and '"blue"' have no overlap.
pages/admin/SiteStaffFormModal.tsx(7,20): error TS2307: Cannot find module '../ui/Button' or its corresponding type declarations.
pages/admin/SiteStaffFormModal.tsx(8,19): error TS2307: Cannot find module '../ui/Input' or its corresponding type declarations.
pages/admin/SiteStaffFormModal.tsx(9,20): error TS2307: Cannot find module '../ui/Select' or its corresponding type declarations.
pages/hr/LeaveManagement.tsx(194,51): error TS2367: This comparison appears to be unintentional because the types 'ColorScheme' and '"blue"' have no overlap.
pages/hr/LeaveManagement.tsx(194,130): error TS2367: This comparison appears to be unintentional because the types 'ColorScheme' and '"blue"' have no overlap.
pages/hr/LeaveManagement.tsx(208,51): error TS2367: This comparison appears to be unintentional because the types 'ColorScheme' and '"blue"' have no overlap.
pages/hr/LeaveManagement.tsx(208,130): error TS2367: This comparison appears to be unintentional because the types 'ColorScheme' and '"blue"' have no overlap.
pages/hr/LocationManagement.tsx(346,65): error TS2367: This comparison appears to be unintentional because the types 'ColorScheme' and '"blue"' have no overlap.
pages/hr/LocationManagement.tsx(384,68): error TS2367: This comparison appears to be unintentional because the types 'ColorScheme' and '"blue"' have no overlap.
pages/leaves/CompOffCalendar.tsx(38,35): error TS2367: This comparison appears to be unintentional because the types 'ColorScheme' and '"blue"' have no overlap.
pages/leaves/CompOffCalendar.tsx(80,85): error TS2367: This comparison appears to be unintentional because the types 'ColorScheme' and '"blue"' have no overlap.
pages/leaves/OTCalendar.tsx(105,171): error TS2367: This comparison appears to be unintentional because the types 'ColorScheme' and '"blue"' have no overlap.
pages/leaves/OTCalendar.tsx(114,85): error TS2367: This comparison appears to be unintentional because the types 'ColorScheme' and '"blue"' have no overlap.
pages/onboarding/GmcDetails.tsx(166,91): error TS2345: Argument of type 'ChangeEvent<HTMLInputElement>' is not assignable to parameter of type 'boolean'.
pages/onboarding/GmcDetails.tsx(234,95): error TS2345: Argument of type 'ChangeEvent<HTMLInputElement>' is not assignable to parameter of type 'boolean'.
pages/onboarding/UniformRequests.tsx(25,29): error TS2552: Cannot find name 'useBrandingStore'. Did you mean 'useOnboardingStore'?
pages/operations/OperationsDashboard.tsx(165,55): error TS2367: This comparison appears to be unintentional because the types 'ColorScheme' and '"blue"' have no overlap.
pages/operations/TeamActivity.tsx(227,51): error TS2367: This comparison appears to be unintentional because the types 'ColorScheme' and '"blue"' have no overlap.
pages/operations/TeamActivity.tsx(236,51): error TS2367: This comparison appears to be unintentional because the types 'ColorScheme' and '"blue"' have no overlap.
pages/operations/TeamActivity.tsx(358,47): error TS2367: This comparison appears to be unintentional because the types 'ColorScheme' and '"blue"' have no overlap.
pages/operations/TeamActivity.tsx(366,47): error TS2367: This comparison appears to be unintentional because the types 'ColorScheme' and '"blue"' have no overlap.
pages/site/OrganizationDashboard.tsx(95,119): error TS2367: This comparison appears to be unintentional because the types 'ColorScheme' and '"blue"' have no overlap.
pages/site/OrganizationDashboard.tsx(95,198): error TS2367: This comparison appears to be unintentional because the types 'ColorScheme' and '"blue"' have no overlap.
pages/site/OrganizationDashboard.tsx(108,115): error TS2367: This comparison appears to be unintentional because the types 'ColorScheme' and '"blue"' have no overlap.
pages/site/OrganizationDashboard.tsx(108,194): error TS2367: This comparison appears to be unintentional because the types 'ColorScheme' and '"blue"' have no overlap.
pages/support/SupportDashboard.tsx(92,43): error TS2367: This comparison appears to be unintentional because the types 'ColorScheme' and '"blue"' have no overlap.
pages/support/SupportDashboard.tsx(92,122): error TS2367: This comparison appears to be unintentional because the types 'ColorScheme' and '"blue"' have no overlap.
pages/support/SupportDashboard.tsx(102,43): error TS2367: This comparison appears to be unintentional because the types 'ColorScheme' and '"blue"' have no overlap.
pages/support/SupportDashboard.tsx(102,122): error TS2367: This comparison appears to be unintentional because the types 'ColorScheme' and '"blue"' have no overlap.
pages/support/SupportDashboard.tsx(112,43): error TS2367: This comparison appears to be unintentional because the types 'ColorScheme' and '"blue"' have no overlap.
pages/support/SupportDashboard.tsx(112,122): error TS2367: This comparison appears to be unintentional because the types 'ColorScheme' and '"blue"' have no overlap.
services/authService.ts(68,13): error TS2339: Property 'email' does not exist on type 'SignUpWithPasswordCredentials'.
services/supabase.ts(50,9): error TS2353: Object literal may only specify known properties, and 'multiTab' does not exist in type '{ fetch?: { (input: RequestInfo | URL, init?: RequestInit): Promise<Response>; (input: RequestInfo | URL, init?: RequestInit): Promise<...>; (input: string | ... 1 more ... | URL, init?: RequestInit): Promise<...>; }; headers?: Record<...>; }'.
